[www.rcgiltner.com/index.html]
[backblue.gif]
[fade.gif]
[index.html]
[www.rcgiltner.com/uploads/6/6/1/6/66166933/product-chart-1-18-22_orig.jpg]
[www.rcgiltner.com/uploads/6/6/1/6/66166933/sum2_orig.jpg]
[www.rcgiltner.com/uploads/6/6/1/6/66166933/credit-monitoring_orig.png]
[www.rcgiltner.com/uploads/6/6/1/6/66166933/published/alex-8ab17.png]
[www.rcgiltner.com/uploads/6/6/1/6/66166933/published/superior-cust9c1f.jpg]
[www.rcgiltner.com/uploads/6/6/1/6/66166933/published/case-study3d73.jpg]
[www.rcgiltner.com/uploads/6/6/1/6/66166933/clients-8_orig.png]
[static.zotabox.com/9/7/97a913fd9bda67638f7778fa4c7c1489/widgets.js]
[www.google-analytics.com/analytics.js]
[sc.lfeeder.com/lftracker_v1_lYNOR8xmjN57WQJZ.js]
[cdn2.editmysite.com/css/sites0d85.css]
[cdn2.editmysite.com/css/old/fancybox7739.css]
[cdn2.editmysite.com/css/social-icons412d.css]
[www.rcgiltner.com/files/main_style0db9.css]
[cdn2.editmysite.com/fonts/Roboto/fontc81e.css]
[cdn2.editmysite.com/fonts/Quicksand/fontc81e.css]
[cdn2.editmysite.com/fonts/Lato/fontc81e.css]
[www.rcgiltner.com/uploads/6/6/1/6/66166933/background-images/1955191062.png]
[www.rcgiltner.com/files/templateArtifacts0db9.js]
[cdn2.editmysite.com/js/jquery-1.8.3.min.js]
[cdn2.editmysite.com/js/lang/en/stlc620.js]
[www.google.com/recaptcha/api.js]
[www.appjustable.com/weebly/apps/popup/appends/aj-modal.css]
[www.appjustable.com/weebly/apps/popup/appends/aj-modal.js]
[sticky-button.goodapps.io/js/ga-floating-buttonfc16.js]
[cdn2.editmysite.com/js/site/main0d85.js]
[www.rcgiltner.com/uploads/6/6/1/6/66166933/published/logo-3446d.jpg]
[www.rcgiltner.com/alex.html]
[www.rcgiltner.com/our-products.html]
[www.rcgiltner.com/case-studies.html]
[www.rcgiltner.com/about-us.html]
[www.rcgiltner.com/insights.html]
[www.rcgiltner.com/contact.html]
[www.rcgiltner.com/safespend.html]
[www.rcgiltner.com/uploads/b/66166933-625156402676494007/adobestock_307123298__1__195.jpg]
[www.rcgiltner.com/files/theme/pluginsf104.js]
[www.rcgiltner.com/files/theme/customf104.js]
[www.rcgiltner.com/index.html]
[cdn2.editmysite.com/images/util/videojs/white-bar.png]
[cdn2.editmysite.com/js/wsnbn/snowday262.js]
[cdn2.editmysite.com/images/util/videojs/@2x/white-bar.png]
[cdn2.editmysite.com/images/util/videojs/gradient.png]
[cdn2.editmysite.com/images/util/videojs/@2x/gradient.png]
[cdn2.editmysite.com/sprites/util/videojs-sacae758aa2.png]
[cdn2.editmysite.com/sprites/util/videojs/@2x-s2aff7e7d9a.png]
[cdn2.editmysite.com/images/util/videojs/volume-filled.png]
[cdn2.editmysite.com/images/util/videojs/@2x/volume-filled.png]
[cdn2.editmysite.com/images/util/videojs/volume-mute.png]
[cdn2.editmysite.com/images/util/videojs/@2x/volume-mute.png]
[cdn2.editmysite.com/images/util/videojs/blue-bar.png]
[cdn2.editmysite.com/images/util/videojs/@2x/blue-bar.png]
[cdn2.editmysite.com/images/util/videojs/maximize-icon.png]
[cdn2.editmysite.com/images/util/videojs/@2x/maximize-icon.png]
[cdn2.editmysite.com/images/util/videojs/minimize-icon.png]
[cdn2.editmysite.com/images/util/videojs/@2x/minimize-icon.png]
[cdn2.editmysite.com/images/util/videojs/play-icon.png]
[cdn2.editmysite.com/images/util/videojs/@2x/play-icon.png]
[cdn2.editmysite.com/images/util/videojs/sad-face.png]
[cdn2.editmysite.com/images/util/videojs/@2x/sad-face.png]
[cdn2.editmysite.com/images/util/videojs/loading-icon.png]
[cdn2.editmysite.com/images/util/videojs/@2x/loading-icon.png]
[cdn2.editmysite.com/images/common/buttons/small_grey.png]
[cdn2.editmysite.com/images/common/buttons/small_blue.png]
[cdn2.editmysite.com/images/old/button/large_grey.png]
[cdn2.editmysite.com/images/common/buttons/large_blue.png]
[cdn2.editmysite.com/images/common/search-light.png]
[cdn2.editmysite.com/images/common/social_icons.png]
[cdn2.editmysite.com/images/common/blog/blog-comment-button.png]
[cdn2.editmysite.com/images/common/blog/blog-comment-header.png]
[cdn2.editmysite.com/images/common/blog/blog-comment-pointer.png]
[cdn2.editmysite.com/images/common/blog/blog-comment-link.png]
[cdn2.editmysite.com/images/common/blog/blog-comment-header-author.png]
[cdn2.editmysite.com/images/common/blog/blog-comment-pointer-author.png]
[cdn2.editmysite.com/images/common/blog/blog-comment-field-bg.png]
[cdn2.editmysite.com/images/common/blog/dark-blog-comment-header.png]
[cdn2.editmysite.com/images/common/blog/dark-blog-comment-pointer.png]
[cdn2.editmysite.com/images/common/blog/dark-blog-comment-header-author.png]
[cdn2.editmysite.com/images/common/blog/dark-blog-comment-pointer-author.png]
[cdn2.editmysite.com/images/common/blog/dark-blog-comment-link.png]
[cdn2.editmysite.com/js/site/main-customer-accounts-site0d85.js]
[cdn2.editmysite.com/images/util/general/blank.gif]
[cdn2.editmysite.com/images/common/lightbox/prevlabel.gif]
[cdn2.editmysite.com/images/common/lightbox/nextlabel.gif]
[cdn2.editmysite.com/sprites/util/inputs/checkmarkBox-s7868418152.png]
[cdn2.editmysite.com/sprites/util/inputs/checkmarkBox/@2x-s211a47d318.png]
[cdn2.editmysite.com/images/util/inputs/search-input-bg.jpg]
[cdn2.editmysite.com/images/common/magnifying-glass.png]
[cdn2.editmysite.com/images/common/checkmarks/checkmark-mini.png]
[cdn2.editmysite.com/images/common/checkmarks/@2x/checkmark-mini.png]
[cdn2.editmysite.com/images/common/search-pagination-bg.png]
[cdn2.editmysite.com/images/util/general/top-triangle-000.png]
[cdn2.editmysite.com/images/util/general/bottom-triangle-000.png]
[cdn2.editmysite.com/images/util/general/top-triangle-000@2x.png]
[cdn2.editmysite.com/images/util/general/bottom-triangle-000@2x.png]
[cdn2.editmysite.com/sprites/common/social-icons-s5ea5500bdb.png]
[cdn2.editmysite.com/sprites/common/social-icons/@2x-s0ae7d70c70.png]
[cdn2.editmysite.com/sprites/site/mini-cart-s86c48effae.png]
[cdn2.editmysite.com/sprites/site/mini-cart/@2x-s576cbc3f90.png]
[cdn2.editmysite.com/images/loading.gif]
[cdn2.editmysite.com/sprites/site/mobile/commerce-sdf6d4e852c.png]
[cdn2.editmysite.com/sprites/site/mobile/commerce/@2x-s82f968c453.png]
[cdn2.editmysite.com/images/site/checkout/paypal.png]
[cdn2.editmysite.com/images/site/checkout/@2x/paypal.png]
[cdn2.editmysite.com/images/site/checkout/credit-cards.png]
[cdn2.editmysite.com/images/site/checkout/@2x/credit-cards.png]
[cdn2.editmysite.com/images/site/checkout/print.png]
[cdn2.editmysite.com/images/site/checkout/print@2x.png]
[cdn2.editmysite.com/images/vendor/select2/select2.png]
[cdn2.editmysite.com/images/vendor/select2/select2-spinner.gif]
[cdn2.editmysite.com/images/vendor/select2/select2x2.png]
[cdn2.editmysite.com/images/util/spinner/spinner-dark.png]
[cdn2.editmysite.com/images/util/spinner/spinner-light.png]
[cdn2.editmysite.com/images/util/loading-white-w24.gif]
[cdn2.editmysite.com/images/common/form_input_bg.gif]
[cdn2.editmysite.com/sprites/site/forms-s3786257308.png]
[cdn2.editmysite.com/sprites/site/forms/@2x-s47607b315a.png]
[cdn2.editmysite.com/images/blank.gif]
[cdn2.editmysite.com/images/old/photoswipe/loader.gif]
[cdn2.editmysite.com/images/old/photoswipe/error.gif]
[cdn2.editmysite.com/images/old/photoswipe/icons.png]
[cdn2.editmysite.com/images/old/photoswipe/icons@2x.png]
[cdn2.editmysite.com/css/sites0d85.css]
[cdn2.editmysite.com/images/old/fancybox/fancybox_sprite.png]
[cdn2.editmysite.com/images/old/fancybox/fancybox_loading.gif]
[cdn2.editmysite.com/images/old/fancybox/blank.gif]
[cdn2.editmysite.com/images/old/fancybox/fancybox_overlay.png]
[cdn2.editmysite.com/css/old/fancybox7739.css]
[cdn2.editmysite.com/css/social-icons412d.css]
[www.rcgiltner.com/files/theme/images/default-bg0db9.jpg]
[www.rcgiltner.com/files/theme/images/comment0db9.png]
[www.rcgiltner.com/files/main_style0db9.css]
[cdn2.editmysite.com/fonts/Roboto/light.woff2]
[cdn2.editmysite.com/fonts/Roboto/light.eot]
[cdn2.editmysite.com/fonts/Roboto/light.woff]
[cdn2.editmysite.com/fonts/Roboto/lightd41d.eot]
[cdn2.editmysite.com/fonts/Roboto/lightitalic.woff2]
[cdn2.editmysite.com/fonts/Roboto/light.ttf]
[cdn2.editmysite.com/fonts/Roboto/lightitalic.woff]
[cdn2.editmysite.com/fonts/Roboto/lightitalic.eot]
[cdn2.editmysite.com/fonts/Roboto/lightitalicd41d.eot]
[cdn2.editmysite.com/fonts/Roboto/lightitalic.ttf]
[cdn2.editmysite.com/fonts/Roboto/regular.woff2]
[cdn2.editmysite.com/fonts/Roboto/regular.eot]
[cdn2.editmysite.com/fonts/Roboto/regular.woff]
[cdn2.editmysite.com/fonts/Roboto/regulard41d.eot]
[cdn2.editmysite.com/fonts/Roboto/italic.woff2]
[cdn2.editmysite.com/fonts/Roboto/regular.ttf]
[cdn2.editmysite.com/fonts/Roboto/italic.eot]
[cdn2.editmysite.com/fonts/Roboto/italic.woff]
[cdn2.editmysite.com/fonts/Roboto/italicd41d.eot]
[cdn2.editmysite.com/fonts/Roboto/bold.woff2]
[cdn2.editmysite.com/fonts/Roboto/italic.ttf]
[cdn2.editmysite.com/fonts/Roboto/bold.woff]
[cdn2.editmysite.com/fonts/Roboto/bold.eot]
[cdn2.editmysite.com/fonts/Roboto/boldd41d.eot]
[cdn2.editmysite.com/fonts/Roboto/bolditalic.woff2]
[cdn2.editmysite.com/fonts/Roboto/bold.ttf]
[cdn2.editmysite.com/fonts/Roboto/bolditalic.eot]
[cdn2.editmysite.com/fonts/Roboto/bolditalic.woff]
[cdn2.editmysite.com/fonts/Roboto/bolditalicd41d.eot]
[cdn2.editmysite.com/fonts/Roboto/fontc81e.css]
[cdn2.editmysite.com/fonts/Quicksand/light.woff2]
[cdn2.editmysite.com/fonts/Roboto/bolditalic.ttf]
[cdn2.editmysite.com/fonts/Quicksand/light.eot]
[cdn2.editmysite.com/fonts/Quicksand/light.woff]
[cdn2.editmysite.com/fonts/Quicksand/lightd41d.eot]
[cdn2.editmysite.com/fonts/Quicksand/regular.woff2]
[cdn2.editmysite.com/fonts/Quicksand/light.ttf]
[cdn2.editmysite.com/fonts/Quicksand/regular.eot]
[cdn2.editmysite.com/fonts/Quicksand/regular.woff]
[cdn2.editmysite.com/fonts/Quicksand/regulard41d.eot]
[cdn2.editmysite.com/fonts/Quicksand/regular.ttf]
[cdn2.editmysite.com/fonts/Quicksand/bold.woff2]
[cdn2.editmysite.com/fonts/Quicksand/bold.eot]
[cdn2.editmysite.com/fonts/Quicksand/bold.woff]
[cdn2.editmysite.com/fonts/Quicksand/boldd41d.eot]
[cdn2.editmysite.com/fonts/Quicksand/fontc81e.css]
[cdn2.editmysite.com/fonts/Lato/light.woff2]
[cdn2.editmysite.com/fonts/Quicksand/bold.ttf]
[cdn2.editmysite.com/fonts/Lato/light.eot]
[cdn2.editmysite.com/fonts/Lato/light.woff]
[cdn2.editmysite.com/fonts/Lato/lightd41d.eot]
[cdn2.editmysite.com/fonts/Lato/lightitalic.woff2]
[cdn2.editmysite.com/fonts/Lato/lightitalic.eot]
[cdn2.editmysite.com/fonts/Lato/light.ttf]
[cdn2.editmysite.com/fonts/Lato/lightitalic.woff]
[cdn2.editmysite.com/fonts/Lato/lightitalicd41d.eot]
[cdn2.editmysite.com/fonts/Lato/regular.woff2]
[cdn2.editmysite.com/fonts/Lato/lightitalic.ttf]
[cdn2.editmysite.com/fonts/Lato/regular.eot]
[cdn2.editmysite.com/fonts/Lato/regular.woff]
[cdn2.editmysite.com/fonts/Lato/regulard41d.eot]
[cdn2.editmysite.com/fonts/Lato/italic.woff2]
[cdn2.editmysite.com/fonts/Lato/regular.ttf]
[cdn2.editmysite.com/fonts/Lato/italic.eot]
[cdn2.editmysite.com/fonts/Lato/italic.woff]
[cdn2.editmysite.com/fonts/Lato/italicd41d.eot]
[cdn2.editmysite.com/fonts/Lato/bold.woff2]
[cdn2.editmysite.com/fonts/Lato/italic.ttf]
[cdn2.editmysite.com/fonts/Lato/bold.eot]
[cdn2.editmysite.com/fonts/Lato/bold.woff]
[cdn2.editmysite.com/fonts/Lato/boldd41d.eot]
[cdn2.editmysite.com/fonts/Lato/bolditalic.woff2]
[cdn2.editmysite.com/fonts/Lato/bold.ttf]
[cdn2.editmysite.com/fonts/Lato/bolditalic.eot]
[cdn2.editmysite.com/fonts/Lato/bolditalic.woff]
[cdn2.editmysite.com/fonts/Lato/fontc81e.css]
[cdn2.editmysite.com/fonts/Lato/bolditalicd41d.eot]
[cdn2.editmysite.com/fonts/Lato/bolditalic.ttf]
[www.rcgiltner.com/files/templateArtifacts0db9.js]
[www.appjustable.com/weebly/apps/popup/appends/aj-modal.css]
[www.rcgiltner.com/uploads/6/6/1/6/66166933/alex-8_orig.png]
[www.rcgiltner.com/uploads/6/6/1/6/66166933/editor/logo-graphic-rcga98b.png]
[www.rcgiltner.com/alex.html]
[www.rcgiltner.com/uploads/6/6/1/6/66166933/superior-cust_orig.jpg]
[www.rcgiltner.com/business-minutelender.html]
[www.rcgiltner.com/consumer-express-secured.html]
[www.rcgiltner.com/consumer-minutelender.html]
[www.rcgiltner.com/express.html]
[www.rcgiltner.com/sba-7a-express-loans.html]
[www.rcgiltner.com/monitoring-review-renew.html]
[www.rcgiltner.com/invitation-ohly.html]
[www.rcgiltner.com/credit-card1.html]
[www.rcgiltner.com/new-start.html]
[www.rcgiltner.com/our-products.html]
[cdn2.editmysite.com/css/sites947a.css]
[www.rcgiltner.com/tfb-case-study-request.html]
[www.rcgiltner.com/pennian-case-study-request.html]
[www.rcgiltner.com/odmanager-request.html]
[www.rcgiltner.com/paysound-case-study-request.html]
[www.rcgiltner.com/case-studies.html]
[www.rcgiltner.com/uploads/6/6/1/6/66166933/3675214_1.png]
[cdn2.editmysite.com/js/lang/en/stlf044.js]
[www.rcgiltner.com/uploads/6/6/1/6/66166933/360-advanced-soc-2-seal-of-completion_1.jpg]
[www.rcgiltner.com/uploads/6/6/1/6/66166933/_1448213786.png]
[www.rcgiltner.com/uploads/6/6/1/6/66166933/__5815091.jpg]
[www.rcgiltner.com/uploads/6/6/1/6/66166933/1448423474_1.png]
[cdn2.editmysite.com/js/site/main947a.js]
[www.rcgiltner.com/uploads/6/6/1/6/66166933/1448423573_1.png]
[www.rcgiltner.com/uploads/6/6/1/6/66166933/published/ben-wasson-pic15fe.jpg]
[www.rcgiltner.com/uploads/6/6/1/6/66166933/___1448214677.png]
[www.rcgiltner.com/uploads/6/6/1/6/66166933/5219082_1.jpg]
[cdn2.editmysite.com/js/site/main-customer-accounts-site947a.js]
[www.rcgiltner.com/uploads/6/6/1/6/66166933/editor/_2380055.jpg]
[www.rcgiltner.com/about-us.html]
[www.rcgiltner.com/uploads/6/6/1/6/66166933/published/2012-05-greg-picture8be2.jpg]
[www.rcgiltner.com/insights.html]
[www.rcgiltner.com/contact.html]
[www.rcgiltner.com/uploads/6/6/1/6/66166933/safespend-2_orig.jpg]
[www.rcgiltner.com/uploads/6/6/1/6/66166933/odmanager_orig.jpg]
[www.rcgiltner.com/uploads/6/6/1/6/66166933/new-start_orig.jpg]
[www.rcgiltner.com/safespend.html]
[js.hs-scripts.com/6333770.json]
[filamentapp.s3.amazonaws.com/eb8ca351ad1fa4adce0300369c2f3be1.js]
[www.rcgiltner.com/uploads/6/6/1/6/66166933/s-100_orig.jpg]
[www.rcgiltner.com/uploads/6/6/1/6/66166933/process-4_orig.png]
[cdn2.editmysite.com/css/sitesa520.css]
[cdn2.editmysite.com/js/lang/en/stlf216.js]
[www.rcgiltner.com/business-minutelender.html]
[www.rcgiltner.com/uploads/6/6/1/6/66166933/consumer-express-secured_orig.jpg]
[www.rcgiltner.com/uploads/6/6/1/6/66166933/process-4_12.png]
[www.rcgiltner.com/consumer-express-secured.html]
[www.rcgiltner.com/uploads/6/6/1/6/66166933/minutelender_orig.jpg]
[cdn2.editmysite.com/js/site/maina520.js]
[www.rcgiltner.com/uploads/6/6/1/6/66166933/process-4_6.png]
[www.rcgiltner.com/consumer-minutelender.html]
[www.rcgiltner.com/uploads/6/6/1/6/66166933/express-secured_orig.jpg]
[cdn2.editmysite.com/js/site/main-customer-accounts-sitea520.js]
[www.rcgiltner.com/uploads/6/6/1/6/66166933/process-4_13.png]
[www.rcgiltner.com/express.html]
[www.rcgiltner.com/uploads/6/6/1/6/66166933/7a_orig.jpg]
[www.rcgiltner.com/uploads/6/6/1/6/66166933/process-4_4.png]
[www.rcgiltner.com/sba-7a-express-loans.html]
[www.rcgiltner.com/uploads/6/6/1/6/66166933/published/alerts68ef.jpg]
[www.rcgiltner.com/uploads/6/6/1/6/66166933/published/action3992.jpg]
[www.rcgiltner.com/uploads/6/6/1/6/66166933/renewal_orig.jpg]
[www.rcgiltner.com/uploads/6/6/1/6/66166933/cash-flow_orig.jpg]
[www.rcgiltner.com/uploads/6/6/1/6/66166933/term-out_orig.jpg]
[www.rcgiltner.com/uploads/6/6/1/6/66166933/archive_orig.jpg]
[www.rcgiltner.com/monitoring-review-renew.html]
[www.rcgiltner.com/uploads/6/6/1/6/66166933/invitation-only_orig.png]
[www.rcgiltner.com/uploads/6/6/1/6/66166933/process-4_2.png]
[www.rcgiltner.com/invitation-ohly.html]
[www.rcgiltner.com/uploads/6/6/1/6/66166933/credit-card_orig.jpg]
[www.rcgiltner.com/uploads/6/6/1/6/66166933/process-4_7.png]
[www.rcgiltner.com/credit-card1.html]
[www.rcgiltner.com/uploads/6/6/1/6/66166933/process-4_9.png]
[www.rcgiltner.com/new-start.html]
[cdn2.editmysite.com/css/sites947a.css]
[www.rcgiltner.com/tfb-case-study-request.html]
[www.rcgiltner.com/pennian-case-study-request.html]
[www.rcgiltner.com/odmanager-request.html]
[www.rcgiltner.com/paysound-case-study-request.html]
[cdn2.editmysite.com/css/sitesa520.css]
